> Task :app:preBuild UP-TO-DATE
> Task :app:preDebugBuild UP-TO-DATE
> Task :app:javaPreCompileDebug UP-TO-DATE
> Task :app:checkDebugAarMetadata UP-TO-DATE
> Task :app:processDebugNavigationResources UP-TO-DATE
> Task :app:compileDebugNavigationResources UP-TO-DATE
> Task :app:generateDebugResValues UP-TO-DATE
> Task :app:mapDebugSourceSetPaths UP-TO-DATE
> Task :app:generateDebugResources UP-TO-DATE
> Task :app:mergeDebugResources UP-TO-DATE
> Task :app:packageDebugResources UP-TO-DATE
> Task :app:parseDebugLocalResources UP-TO-DATE
> Task :app:createDebugCompatibleScreenManifests UP-TO-DATE
> Task :app:extractDeepLinksDebug UP-TO-DATE
> Task :app:processDebugMainManifest UP-TO-DATE
> Task :app:processDebugManifest UP-TO-DATE
> Task :app:processDebugManifestForPackage UP-TO-DATE
> Task :app:processDebugResources UP-TO-DATE

> Task :app:compileDebugJavaWithJavac FAILED
C:\Users\19409\AndroidStudioProjects\AITestBank\app\src\main\java\com\example\aitestbank\database\dao\WrongQuestionDao.java:278: 错误: 已在接口 WrongQuestionDao中定义了方法 getMasteredWrongQuestionCount(String)
    int getMasteredWrongQuestionCount(String userId);
        ^
C:\Users\19409\AndroidStudioProjects\AITestBank\app\src\main\java\com\example\aitestbank\database\dao\WrongQuestionDao.java:281: 错误: 已在接口 WrongQuestionDao中定义了方法 getUnmasteredWrongQuestionCount(String)
    int getUnmasteredWrongQuestionCount(String userId);
        ^
C:\Users\19409\AndroidStudioProjects\AITestBank\app\src\main\java\com\example\aitestbank\MainActivity.java:60: 错误: 需要常量表达式
                case R.id.nav_home:
                         ^
C:\Users\19409\AndroidStudioProjects\AITestBank\app\src\main\java\com\example\aitestbank\MainActivity.java:63: 错误: 需要常量表达式
                case R.id.nav_question:
                         ^
C:\Users\19409\AndroidStudioProjects\AITestBank\app\src\main\java\com\example\aitestbank\MainActivity.java:66: 错误: 需要常量表达式
                case R.id.nav_wrong:
                         ^
C:\Users\19409\AndroidStudioProjects\AITestBank\app\src\main\java\com\example\aitestbank\MainActivity.java:69: 错误: 需要常量表达式
                case R.id.nav_profile:
                         ^
注: 某些输入文件使用或覆盖了已过时的 API。
注: 有关详细信息, 请使用 -Xlint:deprecation 重新编译。
6 个错误

[Incubating] Problems report is available at: file:///C:/Users/19409/AndroidStudioProjects/AITestBank/build/reports/problems/problems-report.html

FAILURE: Build failed with an exception.

* What went wrong:
Execution failed for task ':app:compileDebugJavaWithJavac'.
> Compilation failed; see the compiler output below.
  C:\Users\19409\AndroidStudioProjects\AITestBank\app\src\main\java\com\example\aitestbank\database\dao\WrongQuestionDao.java:278: 错误: 已在接口 WrongQuestionDao中定义了方法 getMasteredWrongQuestionCount(String)
      int getMasteredWrongQuestionCount(String userId);
          ^
  C:\Users\19409\AndroidStudioProjects\AITestBank\app\src\main\java\com\example\aitestbank\database\dao\WrongQuestionDao.java:281: 错误: 已在接口 WrongQuestionDao中定义了方法 getUnmasteredWrongQuestionCount(String)
      int getUnmasteredWrongQuestionCount(String userId);
          ^
  C:\Users\19409\AndroidStudioProjects\AITestBank\app\src\main\java\com\example\aitestbank\MainActivity.java:60: 错误: 需要常量表达式
                  case R.id.nav_home:
                           ^
  C:\Users\19409\AndroidStudioProjects\AITestBank\app\src\main\java\com\example\aitestbank\MainActivity.java:63: 错误: 需要常量表达式
                  case R.id.nav_question:
                           ^
  C:\Users\19409\AndroidStudioProjects\AITestBank\app\src\main\java\com\example\aitestbank\MainActivity.java:66: 错误: 需要常量表达式
                  case R.id.nav_wrong:
                           ^
  C:\Users\19409\AndroidStudioProjects\AITestBank\app\src\main\java\com\example\aitestbank\MainActivity.java:69: 错误: 需要常量表达式
                  case R.id.nav_profile:
                           ^
  注: 某些输入文件使用或覆盖了已过时的 API。
  注: 有关详细信息, 请使用 -Xlint:deprecation 重新编译。
  6 个错误

* Try:
> Check your code and dependencies to fix the compilation error(s)
> Run with --scan to get full insights.

BUILD FAILED in 1s
17 actionable tasks: 1 executed, 16 up-to-date
